// Jest Snapshot v1, https://goo.gl/fbAQLP

exports[`home screen with title is correctly rendered 1`] = `
<View
  style={
    [
      {
        "flex": 1,
      },
      undefined,
    ]
  }
>
  <View
    insets={
      {
        "bottom": 0,
        "left": 0,
        "right": 0,
        "top": 0,
      }
    }
    style={
      [
        {
          "backgroundColor": "#00B4D8",
          "height": 60,
          "paddingTop": 0,
          "width": "100%",
        },
        undefined,
      ]
    }
  >
    <View
      style={
        [
          {
            "alignItems": "center",
            "flex": 1,
            "justifyContent": "center",
          },
          undefined,
        ]
      }
    >
      <Text
        style={
          [
            {
              "fontSize": 20,
              "fontWeight": "bold",
            },
            undefined,
          ]
        }
      >
        ScreenTitle
      </Text>
    </View>
  </View>
  <View />
</View>
`;
