// Jest Snapshot v1, https://goo.gl/fbAQLP

exports[`home screen with title is correctly rendered 1`] = `
<View
  style={
    [
      {
        "flex": 1,
      },
      undefined,
    ]
  }
>
  <View
    insets={
      {
        "bottom": 0,
        "left": 0,
        "right": 0,
        "top": 0,
      }
    }
    style={
      [
        {
          "backgroundColor": "#00B4D8",
          "height": 60,
          "paddingTop": 0,
          "width": "100%",
        },
        undefined,
      ]
    }
  >
    <View
      style={
        [
          {
            "alignItems": "center",
            "flex": 1,
            "justifyContent": "center",
          },
          undefined,
        ]
      }
    >
      <Text
        style={
          [
            {
              "fontSize": 20,
              "fontWeight": "bold",
            },
            undefined,
          ]
        }
      >
        MyLEAGUE
      </Text>
    </View>
  </View>
  <View
    style={
      [
        {
          "alignItems": "center",
          "flex": 1,
          "justifyContent": "center",
        },
        undefined,
      ]
    }
  >
    <View
      accessibilityState={
        {
          "busy": undefined,
          "checked": undefined,
          "disabled": undefined,
          "expanded": undefined,
          "selected": undefined,
        }
      }
      accessibilityValue={
        {
          "max": undefined,
          "min": undefined,
          "now": undefined,
          "text": undefined,
        }
      }
      accessible={true}
      collapsable={false}
      focusable={true}
      onClick={[Function]}
      onResponderGrant={[Function]}
      onResponderMove={[Function]}
      onResponderRelease={[Function]}
      onResponderTerminate={[Function]}
      onResponderTerminationRequest={[Function]}
      onStartShouldSetResponder={[Function]}
      style={
        {
          "alignItems": "center",
          "backgroundColor": "#00B4D8",
          "borderRadius": 6,
          "display": "flex",
          "height": 80,
          "justifyContent": "center",
          "margin": 10,
          "opacity": 1,
          "width": 220,
        }
      }
    >
      <View
        style={
          [
            {
              "alignItems": "center",
              "height": 30,
              "justifyContent": "center",
              "left": 20,
              "position": "absolute",
              "width": 30,
            },
            undefined,
          ]
        }
      >
        <Image
          source={1}
          style={
            [
              {
                "height": "100%",
                "resizeMode": "cover",
                "width": "100%",
              },
              undefined,
            ]
          }
        />
      </View>
      <Text
        style={
          [
            {
              "fontSize": 16,
              "fontWeight": "bold",
              "textAlign": "center",
            },
            undefined,
          ]
        }
      >
        Profile
      </Text>
    </View>
    <View
      accessibilityState={
        {
          "busy": undefined,
          "checked": undefined,
          "disabled": undefined,
          "expanded": undefined,
          "selected": undefined,
        }
      }
      accessibilityValue={
        {
          "max": undefined,
          "min": undefined,
          "now": undefined,
          "text": undefined,
        }
      }
      accessible={true}
      collapsable={false}
      focusable={true}
      onClick={[Function]}
      onResponderGrant={[Function]}
      onResponderMove={[Function]}
      onResponderRelease={[Function]}
      onResponderTerminate={[Function]}
      onResponderTerminationRequest={[Function]}
      onStartShouldSetResponder={[Function]}
      style={
        {
          "alignItems": "center",
          "backgroundColor": "#00B4D8",
          "borderRadius": 6,
          "display": "flex",
          "height": 80,
          "justifyContent": "center",
          "margin": 10,
          "opacity": 1,
          "width": 220,
        }
      }
    >
      <View
        style={
          [
            {
              "alignItems": "center",
              "height": 30,
              "justifyContent": "center",
              "left": 20,
              "position": "absolute",
              "width": 30,
            },
            undefined,
          ]
        }
      >
        <Image
          source={1}
          style={
            [
              {
                "height": "100%",
                "resizeMode": "cover",
                "width": "100%",
              },
              undefined,
            ]
          }
        />
      </View>
      <Text
        style={
          [
            {
              "fontSize": 16,
              "fontWeight": "bold",
              "textAlign": "center",
            },
            undefined,
          ]
        }
      >
        Timers
      </Text>
    </View>
  </View>
</View>
`;
